// Jest Snapshot v1, https://goo.gl/fbAQLP

exports[`<Listings /> should render component 1`] = `
<div>
  <div
    className="title"
  >
    Similar Listings
  </div>
  <div
    className="container"
  >
    Loading...
  </div>
  <div
    id="modal"
  />
</div>
`;
